// Jest Snapshot v1, https://goo.gl/fbAQLP

exports[`should render correctly to default light theme 1`] = `
.c1 {
  font-size: 24px;
  font-weight: 700;
  width: 100%;
}

.c2 {
  display: -webkit-box;
  display: -webkit-flex;
  display: -ms-flexbox;
  display: flex;
  -webkit-box-pack: end;
  -webkit-justify-content: flex-end;
  -ms-flex-pack: end;
  justify-content: flex-end;
  width: 100%;
}

.c2 a {
  color: #fff;
  -webkit-text-decoration: none;
  text-decoration: none;
}

.c2 > * {
  margin: 10px;
}

.c0 {
  display: -webkit-box;
  display: -webkit-flex;
  display: -ms-flexbox;
  display: flex;
  -webkit-align-items: center;
  -webkit-box-align: center;
  -ms-flex-align: center;
  align-items: center;
  height: 58px;
  padding-left: 16px;
  padding-right: 16px;
  background: #1976d2;
  color: #fff;
}

<header
  class="c0"
>
  <span
    class="c1"
  />
  <div
    class="c2"
  >
    Noooooo!!!!!
  </div>
</header>
`;
